-1!main:([Ljava/lang/String;)V@test.T
1!main:([Ljava/lang/String;)V@test.T
2!main:([Ljava/lang/String;)V@test.T
3!main:([Ljava/lang/String;)V@test.T
4!main:([Ljava/lang/String;)V@test.T
5!main:([Ljava/lang/String;)V@test.T
6!main:([Ljava/lang/String;)V@test.T
7!main:([Ljava/lang/String;)V@test.T
8!main:([Ljava/lang/String;)V@test.T
9!main:([Ljava/lang/String;)V@test.T
59!main:([Ljava/lang/String;)V@test.T
36!main:([Ljava/lang/String;)V@test.T
49!main:([Ljava/lang/String;)V@test.T
60!main:([Ljava/lang/String;)V@test.T
35!main:([Ljava/lang/String;)V@test.T
41!main:([Ljava/lang/String;)V@test.T
37!main:([Ljava/lang/String;)V@test.T
38!main:([Ljava/lang/String;)V@test.T
39!main:([Ljava/lang/String;)V@test.T
40!main:([Ljava/lang/String;)V@test.T
50!main:([Ljava/lang/String;)V@test.T
51!main:([Ljava/lang/String;)V@test.T
52!main:([Ljava/lang/String;)V@test.T
53!main:([Ljava/lang/String;)V@test.T
54!main:([Ljava/lang/String;)V@test.T
56!main:([Ljava/lang/String;)V@test.T
-2!main:([Ljava/lang/String;)V@test.T
55!main:([Ljava/lang/String;)V@test.T
57!main:([Ljava/lang/String;)V@test.T
58!main:([Ljava/lang/String;)V@test.T
42!main:([Ljava/lang/String;)V@test.T
43!main:([Ljava/lang/String;)V@test.T
44!main:([Ljava/lang/String;)V@test.T
45!main:([Ljava/lang/String;)V@test.T
46!main:([Ljava/lang/String;)V@test.T
47!main:([Ljava/lang/String;)V@test.T
48!main:([Ljava/lang/String;)V@test.T
-1!start:()V@java.lang.Thread
0!start:()V@java.lang.Thread
1!start:()V@java.lang.Thread
-2!start:()V@java.lang.Thread
-1!<clinit>:()V@java.lang.Object
1!<clinit>:()V@java.lang.Object
2!<clinit>:()V@java.lang.Object
-2!<clinit>:()V@java.lang.Object
-1!<init>:()V@java.lang.Object
1!<init>:()V@java.lang.Object
-2!<init>:()V@java.lang.Object
-1!registerNatives:()V@java.lang.Object
1!registerNatives:()V@java.lang.Object
-2!registerNatives:()V@java.lang.Object
-1!<init>:(Ljava/lang/String;)V@java.lang.RuntimePermission
1!<init>:(Ljava/lang/String;)V@java.lang.RuntimePermission
2!<init>:(Ljava/lang/String;)V@java.lang.RuntimePermission
-2!<init>:(Ljava/lang/String;)V@java.lang.RuntimePermission
-1!<clinit>:()V@java.lang.Thread
1!<clinit>:()V@java.lang.Thread
2!<clinit>:()V@java.lang.Thread
3!<clinit>:()V@java.lang.Thread
4!<clinit>:()V@java.lang.Thread
5!<clinit>:()V@java.lang.Thread
7!<clinit>:()V@java.lang.Thread
6!<clinit>:()V@java.lang.Thread
8!<clinit>:()V@java.lang.Thread
9!<clinit>:()V@java.lang.Thread
-2!<clinit>:()V@java.lang.Thread
-1!<init>:()V@java.lang.Thread
1!<init>:()V@java.lang.Thread
-2!<init>:()V@java.lang.Thread
-1!registerNatives:()V@java.lang.Thread
1!registerNatives:()V@java.lang.Thread
-2!registerNatives:()V@java.lang.Thread
-1!run:()V@java.lang.Thread
1!run:()V@java.lang.Thread
2!run:()V@java.lang.Thread
3!run:()V@java.lang.Thread
4!run:()V@java.lang.Thread
5!run:()V@java.lang.Thread
-2!run:()V@java.lang.Thread
-1!<init>:(Ljava/lang/String;)V@java.security.BasicPermission
1!<init>:(Ljava/lang/String;)V@java.security.BasicPermission
2!<init>:(Ljava/lang/String;)V@java.security.BasicPermission
3!<init>:(Ljava/lang/String;)V@java.security.BasicPermission
-2!<init>:(Ljava/lang/String;)V@java.security.BasicPermission
-1!init:(Ljava/lang/String;)V@java.security.BasicPermission
1!init:(Ljava/lang/String;)V@java.security.BasicPermission
-2!init:(Ljava/lang/String;)V@java.security.BasicPermission
-1!<init>:(Ljava/lang/String;)V@java.security.Permission
1!<init>:(Ljava/lang/String;)V@java.security.Permission
2!<init>:(Ljava/lang/String;)V@java.security.Permission
3!<init>:(Ljava/lang/String;)V@java.security.Permission
-2!<init>:(Ljava/lang/String;)V@java.security.Permission
-1!<init>:()V@test.A
1!<init>:()V@test.A
2!<init>:()V@test.A
3!<init>:()V@test.A
-2!<init>:()V@test.A
-1!get:()I@test.A
1!get:()I@test.A
2!get:()I@test.A
-2!get:()I@test.A
-1!set:(I)V@test.A
1!set:(I)V@test.A
2!set:(I)V@test.A
-2!set:(I)V@test.A
-1!<init>:()V@test.B
1!<init>:()V@test.B
2!<init>:()V@test.B
3!<init>:()V@test.B
4!<init>:()V@test.B
5!<init>:()V@test.B
6!<init>:()V@test.B
7!<init>:()V@test.B
-2!<init>:()V@test.B
-1!get:()I@test.B
1!get:()I@test.B
2!get:()I@test.B
3!get:()I@test.B
4!get:()I@test.B
-2!get:()I@test.B
-1!set:(I)V@test.B
1!set:(I)V@test.B
2!set:(I)V@test.B
3!set:(I)V@test.B
4!set:(I)V@test.B
-2!set:(I)V@test.B
-1!<clinit>:()V@test.T
1!<clinit>:()V@test.T
2!<clinit>:()V@test.T
3!<clinit>:()V@test.T
4!<clinit>:()V@test.T
5!<clinit>:()V@test.T
-2!<clinit>:()V@test.T
-1!<init>:(Ltest/B;Ltest/B;)V@test.T
1!<init>:(Ltest/B;Ltest/B;)V@test.T
2!<init>:(Ltest/B;Ltest/B;)V@test.T
3!<init>:(Ltest/B;Ltest/B;)V@test.T
4!<init>:(Ltest/B;Ltest/B;)V@test.T
-2!<init>:(Ltest/B;Ltest/B;)V@test.T
-1!run:()V@test.T
1!run:()V@test.T
2!run:()V@test.T
3!run:()V@test.T
4!run:()V@test.T
5!run:()V@test.T
6!run:()V@test.T
7!run:()V@test.T
8!run:()V@test.T
9!run:()V@test.T
10!run:()V@test.T
11!run:()V@test.T
12!run:()V@test.T
13!run:()V@test.T
14!run:()V@test.T
15!run:()V@test.T
16!run:()V@test.T
17!run:()V@test.T
-2!run:()V@test.T
