R0!<init>:()V@java.lang.Object
R0!<init>:(Ljava/lang/String;)V@java.lang.RuntimePermission
R1!<init>:(Ljava/lang/String;)V@java.lang.RuntimePermission
T3!<clinit>:()V@java.lang.Thread
T4!<clinit>:()V@java.lang.Thread
T1!<clinit>:()V@java.lang.Thread
T2!<clinit>:()V@java.lang.Thread
R0!<init>:()V@java.lang.Thread
R0!run:()V@java.lang.Thread
T2!run:()V@java.lang.Thread
T3!run:()V@java.lang.Thread
R0!start:()V@java.lang.Thread
R0!<init>:(Ljava/lang/String;)V@java.security.BasicPermission
R1!<init>:(Ljava/lang/String;)V@java.security.BasicPermission
R0!init:(Ljava/lang/String;)V@java.security.BasicPermission
R1!init:(Ljava/lang/String;)V@java.security.BasicPermission
R0!<init>:(Ljava/lang/String;)V@java.security.Permission
R1!<init>:(Ljava/lang/String;)V@java.security.Permission
R0!<init>:()V@test.A
R0!get:()I@test.A
R0!set:(I)V@test.A
R0!<init>:()V@test.B
T1!<init>:()V@test.B
T2!<init>:()V@test.B
R3!<init>:()V@test.B
R0!get:()I@test.B
T1!get:()I@test.B
R2!get:()I@test.B
R0!set:(I)V@test.B
T2!set:(I)V@test.B
R3!set:(I)V@test.B
T0!<clinit>:()V@test.T
T1!<clinit>:()V@test.T
R0!<init>:(Ltest/B;Ltest/B;)V@test.T
R1!<init>:(Ltest/B;Ltest/B;)V@test.T
R2!<init>:(Ltest/B;Ltest/B;)V@test.T
R0!main:([Ljava/lang/String;)V@test.T
T12!main:([Ljava/lang/String;)V@test.T
T13!main:([Ljava/lang/String;)V@test.T
R3!main:([Ljava/lang/String;)V@test.T
T14!main:([Ljava/lang/String;)V@test.T
T15!main:([Ljava/lang/String;)V@test.T
R4!main:([Ljava/lang/String;)V@test.T
T24!main:([Ljava/lang/String;)V@test.T
R25!main:([Ljava/lang/String;)V@test.T
T27!main:([Ljava/lang/String;)V@test.T
R10!main:([Ljava/lang/String;)V@test.T
T18!main:([Ljava/lang/String;)V@test.T
T19!main:([Ljava/lang/String;)V@test.T
R20!main:([Ljava/lang/String;)V@test.T
R0!run:()V@test.T
T10!run:()V@test.T
R2!run:()V@test.T
T11!run:()V@test.T
R3!run:()V@test.T
T4!run:()V@test.T
R5!run:()V@test.T
T12!run:()V@test.T
R9!run:()V@test.T
