null
l1:Ljava/lang/Object;@T
l2:Ljava/lang/Object;@T
serialVersionUID:J@java.lang.RuntimePermission
declaringClass:Ljava/lang/String;@java.lang.StackTraceElement
fileName:Ljava/lang/String;@java.lang.StackTraceElement
lineNumber:I@java.lang.StackTraceElement
methodName:Ljava/lang/String;@java.lang.StackTraceElement
serialVersionUID:J@java.lang.StackTraceElement
EMPTY_STACK_TRACE:[Ljava/lang/StackTraceElement;@java.lang.Thread
MAX_PRIORITY:I@java.lang.Thread
MIN_PRIORITY:I@java.lang.Thread
NORM_PRIORITY:I@java.lang.Thread
SUBCLASS_IMPLEMENTATION_PERMISSION:Ljava/lang/RuntimePermission;@java.lang.Thread
blocker:Lsun/nio/ch/Interruptible;@java.lang.Thread
blockerLock:Ljava/lang/Object;@java.lang.Thread
contextClassLoader:Ljava/lang/ClassLoader;@java.lang.Thread
daemon:Z@java.lang.Thread
defaultUncaughtExceptionHandler:Ljava/lang/Thread$UncaughtExceptionHandler;@java.lang.Thread
eetop:J@java.lang.Thread
group:Ljava/lang/ThreadGroup;@java.lang.Thread
inheritableThreadLocals:Ljava/lang/ThreadLocal$ThreadLocalMap;@java.lang.Thread
inheritedAccessControlContext:Ljava/security/AccessControlContext;@java.lang.Thread
name:Ljava/lang/String;@java.lang.Thread
nativeParkEventPointer:J@java.lang.Thread
parkBlocker:Ljava/lang/Object;@java.lang.Thread
priority:I@java.lang.Thread
single_step:Z@java.lang.Thread
stackSize:J@java.lang.Thread
stillborn:Z@java.lang.Thread
target:Ljava/lang/Runnable;@java.lang.Thread
threadInitNumber:I@java.lang.Thread
threadLocalRandomProbe:I@java.lang.Thread
threadLocalRandomSecondarySeed:I@java.lang.Thread
threadLocalRandomSeed:J@java.lang.Thread
threadLocals:Ljava/lang/ThreadLocal$ThreadLocalMap;@java.lang.Thread
threadQ:Ljava/lang/Thread;@java.lang.Thread
threadSeqNumber:J@java.lang.Thread
threadStatus:I@java.lang.Thread
tid:J@java.lang.Thread
uncaughtExceptionHandler:Ljava/lang/Thread$UncaughtExceptionHandler;@java.lang.Thread
exitVM:Z@java.security.BasicPermission
path:Ljava/lang/String;@java.security.BasicPermission
serialVersionUID:J@java.security.BasicPermission
wildcard:Z@java.security.BasicPermission
name:Ljava/lang/String;@java.security.Permission
serialVersionUID:J@java.security.Permission
