-1!main:([Ljava/lang/String;)V@T
1!main:([Ljava/lang/String;)V@T
2!main:([Ljava/lang/String;)V@T
3!main:([Ljava/lang/String;)V@T
4!main:([Ljava/lang/String;)V@T
5!main:([Ljava/lang/String;)V@T
6!main:([Ljava/lang/String;)V@T
7!main:([Ljava/lang/String;)V@T
8!main:([Ljava/lang/String;)V@T
9!main:([Ljava/lang/String;)V@T
10!main:([Ljava/lang/String;)V@T
11!main:([Ljava/lang/String;)V@T
-2!main:([Ljava/lang/String;)V@T
-1!start:()V@java.lang.Thread
0!start:()V@java.lang.Thread
1!start:()V@java.lang.Thread
-2!start:()V@java.lang.Thread
-1!<clinit>:()V@T
1!<clinit>:()V@T
2!<clinit>:()V@T
3!<clinit>:()V@T
4!<clinit>:()V@T
5!<clinit>:()V@T
6!<clinit>:()V@T
7!<clinit>:()V@T
8!<clinit>:()V@T
9!<clinit>:()V@T
-2!<clinit>:()V@T
-1!access$000:()V@T
1!access$000:()V@T
2!access$000:()V@T
-2!access$000:()V@T
-1!access$100:()V@T
1!access$100:()V@T
2!access$100:()V@T
-2!access$100:()V@T
-1!bar:()V@T
1!bar:()V@T
2!bar:()V@T
3!bar:()V@T
4!bar:()V@T
5!bar:()V@T
6!bar:()V@T
7!bar:()V@T
8!bar:()V@T
9!bar:()V@T
10!bar:()V@T
11!bar:()V@T
12!bar:()V@T
-2!bar:()V@T
-1!baz:()V@T
1!baz:()V@T
2!baz:()V@T
3!baz:()V@T
4!baz:()V@T
5!baz:()V@T
6!baz:()V@T
7!baz:()V@T
8!baz:()V@T
9!baz:()V@T
10!baz:()V@T
11!baz:()V@T
-2!baz:()V@T
-1!foo:()V@T
1!foo:()V@T
2!foo:()V@T
3!foo:()V@T
4!foo:()V@T
5!foo:()V@T
6!foo:()V@T
7!foo:()V@T
8!foo:()V@T
9!foo:()V@T
10!foo:()V@T
11!foo:()V@T
12!foo:()V@T
-2!foo:()V@T
-1!taz:()V@T
1!taz:()V@T
2!taz:()V@T
3!taz:()V@T
4!taz:()V@T
5!taz:()V@T
6!taz:()V@T
7!taz:()V@T
8!taz:()V@T
9!taz:()V@T
10!taz:()V@T
11!taz:()V@T
-2!taz:()V@T
-1!<init>:()V@T$1
1!<init>:()V@T$1
2!<init>:()V@T$1
-2!<init>:()V@T$1
-1!run:()V@T$1
1!run:()V@T$1
2!run:()V@T$1
-2!run:()V@T$1
-1!<init>:()V@T$2
1!<init>:()V@T$2
2!<init>:()V@T$2
-2!<init>:()V@T$2
-1!run:()V@T$2
1!run:()V@T$2
2!run:()V@T$2
-2!run:()V@T$2
-1!<clinit>:()V@java.lang.Object
1!<clinit>:()V@java.lang.Object
2!<clinit>:()V@java.lang.Object
-2!<clinit>:()V@java.lang.Object
-1!<init>:()V@java.lang.Object
1!<init>:()V@java.lang.Object
-2!<init>:()V@java.lang.Object
-1!registerNatives:()V@java.lang.Object
1!registerNatives:()V@java.lang.Object
-2!registerNatives:()V@java.lang.Object
-1!<init>:(Ljava/lang/String;)V@java.lang.RuntimePermission
1!<init>:(Ljava/lang/String;)V@java.lang.RuntimePermission
2!<init>:(Ljava/lang/String;)V@java.lang.RuntimePermission
-2!<init>:(Ljava/lang/String;)V@java.lang.RuntimePermission
-1!<clinit>:()V@java.lang.Thread
1!<clinit>:()V@java.lang.Thread
2!<clinit>:()V@java.lang.Thread
3!<clinit>:()V@java.lang.Thread
4!<clinit>:()V@java.lang.Thread
5!<clinit>:()V@java.lang.Thread
7!<clinit>:()V@java.lang.Thread
6!<clinit>:()V@java.lang.Thread
8!<clinit>:()V@java.lang.Thread
9!<clinit>:()V@java.lang.Thread
-2!<clinit>:()V@java.lang.Thread
-1!<init>:()V@java.lang.Thread
1!<init>:()V@java.lang.Thread
-2!<init>:()V@java.lang.Thread
-1!registerNatives:()V@java.lang.Thread
1!registerNatives:()V@java.lang.Thread
-2!registerNatives:()V@java.lang.Thread
-1!run:()V@java.lang.Thread
1!run:()V@java.lang.Thread
2!run:()V@java.lang.Thread
3!run:()V@java.lang.Thread
4!run:()V@java.lang.Thread
5!run:()V@java.lang.Thread
-2!run:()V@java.lang.Thread
-1!<init>:(Ljava/lang/String;)V@java.security.BasicPermission
1!<init>:(Ljava/lang/String;)V@java.security.BasicPermission
2!<init>:(Ljava/lang/String;)V@java.security.BasicPermission
3!<init>:(Ljava/lang/String;)V@java.security.BasicPermission
-2!<init>:(Ljava/lang/String;)V@java.security.BasicPermission
-1!init:(Ljava/lang/String;)V@java.security.BasicPermission
1!init:(Ljava/lang/String;)V@java.security.BasicPermission
-2!init:(Ljava/lang/String;)V@java.security.BasicPermission
-1!<init>:(Ljava/lang/String;)V@java.security.Permission
1!<init>:(Ljava/lang/String;)V@java.security.Permission
2!<init>:(Ljava/lang/String;)V@java.security.Permission
3!<init>:(Ljava/lang/String;)V@java.security.Permission
-2!<init>:(Ljava/lang/String;)V@java.security.Permission
