NULL_TYPE
<retaddr> (target=null)
T
T$1
T$2
boolean
boolean[]
byte
byte[]
char
char[]
double
double[]
float
float[]
int
int[]
java.io.IOException
java.io.ObjectInputStream
java.io.ObjectOutputStream
java.io.ObjectStreamField
java.io.ObjectStreamField[]
java.io.Serializable
java.io.Serializable[]
java.io.UnsupportedEncodingException
java.lang.AbstractStringBuilder
java.lang.Appendable
java.lang.ArithmeticException
java.lang.ArrayIndexOutOfBoundsException
java.lang.ArrayStoreException
java.lang.Boolean
java.lang.CharSequence
java.lang.CharSequence[]
java.lang.Character
java.lang.Class
java.lang.ClassCastException
java.lang.ClassLoader
java.lang.ClassNotFoundException
java.lang.CloneNotSupportedException
java.lang.Cloneable
java.lang.Comparable
java.lang.ConditionalSpecialCasing
java.lang.Double
java.lang.Error
java.lang.Exception
java.lang.Float
java.lang.IllegalArgumentException
java.lang.IllegalMonitorStateException
java.lang.IllegalThreadStateException
java.lang.IndexOutOfBoundsException
java.lang.Integer
java.lang.InterruptedException
java.lang.Iterable
java.lang.Long
java.lang.Math
java.lang.NegativeArraySizeException
java.lang.NoSuchMethodError
java.lang.NullPointerException
java.lang.Object
java.lang.Object[]
java.lang.OutOfMemoryError
java.lang.Runnable
java.lang.RuntimeException
java.lang.RuntimePermission
java.lang.SecurityException
java.lang.SecurityManager
java.lang.StackTraceElement
java.lang.StackTraceElement[]
java.lang.StackTraceElement[][]
java.lang.String
java.lang.String$1
java.lang.String$CaseInsensitiveComparator
java.lang.StringBuffer
java.lang.StringBuilder
java.lang.StringCoding
java.lang.StringIndexOutOfBoundsException
java.lang.String[]
java.lang.System
java.lang.Thread
java.lang.Thread$1
java.lang.Thread$Caches
java.lang.Thread$State
java.lang.Thread$UncaughtExceptionHandler
java.lang.Thread$WeakClassKey
java.lang.ThreadDeath
java.lang.ThreadGroup
java.lang.ThreadLocal
java.lang.ThreadLocal$ThreadLocalMap
java.lang.Thread[]
java.lang.Throwable
java.lang.UnsupportedOperationException
java.lang.ref.Finalizer
java.lang.ref.Reference
java.lang.ref.ReferenceQueue
java.lang.reflect.Constructor
java.lang.reflect.Field
java.lang.reflect.Method
java.nio.charset.Charset
java.security.AccessControlContext
java.security.AccessController
java.security.BasicPermission
java.security.BasicPermissionCollection
java.security.Guard
java.security.Permission
java.security.PermissionCollection
java.util.ArrayList
java.util.Arrays
java.util.Comparator
java.util.Formatter
java.util.HashMap
java.util.Iterator
java.util.List
java.util.Locale
java.util.Map
java.util.Objects
java.util.StringJoiner
java.util.concurrent.ConcurrentMap
java.util.regex.Matcher
java.util.regex.Pattern
joeq.Class.jq_Array
joeq.Class.jq_Class
joeq.Class.jq_ClassInitializer
joeq.Class.jq_CompiledCode
joeq.Class.jq_DontAlign
joeq.Class.jq_Initializer
joeq.Class.jq_InstanceField
joeq.Class.jq_InstanceMethod
joeq.Class.jq_Member
joeq.Class.jq_Method
joeq.Class.jq_Primitive
joeq.Class.jq_Reference
joeq.Class.jq_StaticField
joeq.Class.jq_StaticMethod
joeq.Class.jq_Type
joeq.ClassLib.ClassLibInterface
joeq.Memory.Address
joeq.Memory.Address[]
joeq.Memory.CodeAddress
joeq.Memory.CodeAddress$CodeAddressFactory
joeq.Memory.HeapAddress
joeq.Memory.HeapAddress$HeapAddressFactory
joeq.Memory.StackAddress
joeq.Memory.StackAddress$StackAddressFactory
joeq.Runtime.BasicReflectionImpl
joeq.Runtime.ObjectTraverser
joeq.Runtime.Reflection
long
long[]
short
short[]
sun.misc.FloatingDecimal
sun.misc.VM
sun.nio.ch.Interruptible
sun.reflect.Reflection
sun.security.util.SecurityConstants
void
