T2!<clinit>:()V@T
T3!<clinit>:()V@T
T4!<clinit>:()V@T
T5!<clinit>:()V@T
T4!bar:()V@T
T1!bar:()V@T
R2!bar:()V@T
T5!bar:()V@T
R3!bar:()V@T
T4!baz:()V@T
T1!baz:()V@T
R2!baz:()V@T
T5!baz:()V@T
R3!baz:()V@T
T4!foo:()V@T
T1!foo:()V@T
R2!foo:()V@T
T5!foo:()V@T
R3!foo:()V@T
R0!main:([Ljava/lang/String;)V@T
T7!main:([Ljava/lang/String;)V@T
T8!main:([Ljava/lang/String;)V@T
R3!main:([Ljava/lang/String;)V@T
T9!main:([Ljava/lang/String;)V@T
T10!main:([Ljava/lang/String;)V@T
R5!main:([Ljava/lang/String;)V@T
T4!taz:()V@T
T1!taz:()V@T
R2!taz:()V@T
T5!taz:()V@T
R3!taz:()V@T
R0!<init>:()V@T$1
R0!run:()V@T$1
R0!<init>:()V@T$2
R0!run:()V@T$2
R0!<init>:()V@java.lang.Object
R0!<init>:(Ljava/lang/String;)V@java.lang.RuntimePermission
R1!<init>:(Ljava/lang/String;)V@java.lang.RuntimePermission
T3!<clinit>:()V@java.lang.Thread
T4!<clinit>:()V@java.lang.Thread
T1!<clinit>:()V@java.lang.Thread
T2!<clinit>:()V@java.lang.Thread
R0!<init>:()V@java.lang.Thread
R0!run:()V@java.lang.Thread
T2!run:()V@java.lang.Thread
T3!run:()V@java.lang.Thread
R0!start:()V@java.lang.Thread
R0!<init>:(Ljava/lang/String;)V@java.security.BasicPermission
R1!<init>:(Ljava/lang/String;)V@java.security.BasicPermission
R0!init:(Ljava/lang/String;)V@java.security.BasicPermission
R1!init:(Ljava/lang/String;)V@java.security.BasicPermission
R0!<init>:(Ljava/lang/String;)V@java.security.Permission
R1!<init>:(Ljava/lang/String;)V@java.security.Permission
